// Jest Snapshot v1, https://goo.gl/fbAQLP

exports[`renaming groups initial state should match snapshot 1`] = `Object {}`;
